[preview.colorlib.com/theme/neos/index.html]
[backblue.gif]
[fade.gif]
[index.html]
[preview.colorlib.com/cdn-cgi/zaraz/sd41d.js]
[preview.colorlib.com/theme/neos/index-2.html]
[preview.colorlib.com/theme/neos/about.html]
[preview.colorlib.com/theme/neos/fonts,_icomoon,_style.css+css,_bootstrap.min.css+css,_magnific-popup.css+css,_jquery-ui.css+css,_owl.carousel.min.css+css,_owl.theme.default.min.css+css,_bo]
[preview.colorlib.com/theme/neos/testimonials.html]
[preview.colorlib.com/theme/neos/gallery.html]
[preview.colorlib.com/theme/neos/faq.html]
[preview.colorlib.com/theme/neos/why-choose-us.html]
[preview.colorlib.com/theme/neos/services.html]
[preview.colorlib.com/theme/neos/blog.html]
[preview.colorlib.com/theme/neos/contact.html]
[preview.colorlib.com/theme/neos/images/hero_2.jpg]
[preview.colorlib.com/theme/neos/images/hero_1.jpg]
[preview.colorlib.com/theme/neos/images/img_4.jpg]
[preview.colorlib.com/theme/neos/images/img_5.jpg]
[preview.colorlib.com/theme/neos/images/img_1.jpg]
[preview.colorlib.com/theme/neos/images/img_2.jpg]
[preview.colorlib.com/theme/neos/images/img_3.jpg]
[preview.colorlib.com/theme/neos/images/xperson_1.jpg.pagespeed.ic.7C7JZaqMVd.jpg]
[preview.colorlib.com/theme/neos/images/xperson_2.jpg.pagespeed.ic.t1pLZ2vOYz.jpg]
[preview.colorlib.com/theme/neos/images/xperson_3.jpg.pagespeed.ic.H_984h31ut.jpg]
[preview.colorlib.com/theme/neos/images/xperson_4.jpg.pagespeed.ic.X0AJ4X1IX3.jpg]
[preview.colorlib.com/theme/neos/single.html]
[preview.colorlib.com/theme/neos/js/jquery-3.3.1.min.js]
[preview.colorlib.com/theme/neos/js/jquery-migrate-3.0.1.min.js+jquery-ui.js+popper.min.js.pagespeed.jc.VA1bOd1i7Q.js]
[preview.colorlib.com/theme/neos/js/bootstrap.min.js]
[preview.colorlib.com/theme/neos/index.html]
[preview.colorlib.com/theme/neos/js/owl.carousel.min.js+jquery.stellar.min.js+jquery.waypoints.min.js+jquery.animateNumber.min.js+aos.js+main.js.pagespeed.jc.zAjLp1rp6Z.js]
[preview.colorlib.com/theme/neos/fonts/icomoon/fonts/icomoon1a44.eot]
[preview.colorlib.com/theme/neos/fonts/icomoon/fonts/icomoon1a44.woff]
[preview.colorlib.com/theme/neos/fonts/icomoon/fonts/icomoon1a44.ttf]
[preview.colorlib.com/theme/neos/css/images/ui-bg_gloss-wave_55_5c9ccc_500x100.png]
[preview.colorlib.com/theme/neos/fonts/icomoon/fonts/icomoon1a44.svg]
[preview.colorlib.com/theme/neos/css/images/ui-bg_glass_85_dfeffc_1x400.png]
[preview.colorlib.com/theme/neos/css/images/ui-bg_glass_75_d0e5f5_1x400.png]
[preview.colorlib.com/theme/neos/css/images/ui-bg_inset-hard_100_f5f8f9_1x100.png]
[preview.colorlib.com/theme/neos/css/owl.video.play.png]
[preview.colorlib.com/theme/neos/fonts/flaticon/font/Flaticon.eot]
[preview.colorlib.com/theme/neos/fonts/flaticon/font/Flaticond41d.eot]
[preview.colorlib.com/theme/neos/fonts/flaticon/font/Flaticon.woff2]
[preview.colorlib.com/theme/neos/fonts/flaticon/font/Flaticon.woff]
[preview.colorlib.com/theme/neos/fonts/flaticon/font/Flaticon.ttf]
[preview.colorlib.com/theme/neos/fonts,_icomoon,_style.css+css,_bootstrap.min.css+css,_magnific-popup.css+css,_jquery-ui.css+css,_owl.carousel.min.css+css,_owl.theme.default.min.css+css,_bo]
[preview.colorlib.com/theme/neos/fonts/flaticon/font/Flaticon.svg]
[preview.colorlib.com/theme/neos/images/xhero_2.jpg.pagespeed.ic.cV646q6ZZn.jpg]
[preview.colorlib.com/theme/neos/A.fonts,,_icomoon,,_style.css+css,,_bootstrap.min.css+css,,_magnific-popup.css+css,,_jquery-ui.css+css,,_owl.carousel.min.css+css,,_owl.theme.default.min.cs]
[preview.colorlib.com/theme/neos/images/xhero_1.jpg.pagespeed.ic.rLeFATR-vD.jpg]
[preview.colorlib.com/theme/neos/images/ximg_4.jpg.pagespeed.ic.BM11f3Y1qU.jpg]
[preview.colorlib.com/theme/neos/images/ximg_5.jpg.pagespeed.ic.lYfTN7QRB_.jpg]
[preview.colorlib.com/theme/neos/images/ximg_1.jpg.pagespeed.ic.6yTPe__3Wt.jpg]
[preview.colorlib.com/theme/neos/images/ximg_2.jpg.pagespeed.ic.0VquWwyXzc.jpg]
[preview.colorlib.com/theme/neos/images/ximg_3.jpg.pagespeed.ic.YImJxIxSZq.jpg]
[preview.colorlib.com/theme/neos/index-2.html]
[preview.colorlib.com/theme/neos/about.html]
[preview.colorlib.com/theme/neos/js/owl.carousel.min.js+jquery.stellar.min.js+jquery.waypoints.min.js+jquery.animateNumber.min.js.pagespeed.jc.BQy1MTsj2E.js]
[preview.colorlib.com/theme/neos/testimonials.html]
[preview.colorlib.com/theme/neos/js/jquery.fancybox.min.js+aos.js+main.js.pagespeed.jc.VZVQXjjYfq.js]
[preview.colorlib.com/theme/neos/fonts,_icomoon,_style.css+css,_bootstrap.min.css+css,_magnific-popup.css+css,_jquery-ui.css+css,_owl.carousel.min.css+css,_owl.theme.default.min-2.css+css,_bo]
[preview.colorlib.com/theme/neos/images/img_6.jpg]
[preview.colorlib.com/theme/neos/gallery.html]
[preview.colorlib.com/theme/neos/faq.html]
[preview.colorlib.com/theme/neos/why-choose-us.html]
[preview.colorlib.com/theme/neos/services.html]
[preview.colorlib.com/theme/neos/blog.html]
[preview.colorlib.com/theme/neos/contact.html]
[preview.colorlib.com/theme/neos/single.html]
[preview.colorlib.com/cdn-cgi/scripts/5c5dd728/cloudflare-static/email-decode.min.js]
[preview.colorlib.com/theme/neos/fonts/icomoon/fonts/icomoon1a44.svg]
[preview.colorlib.com/theme/neos/css/images/ui-bg_gloss-wave_55_5c9ccc_500x100.html]
[preview.colorlib.com/theme/neos/css/images/ui-bg_glass_85_dfeffc_1x400.html]
[preview.colorlib.com/theme/neos/css/images/ui-bg_glass_75_d0e5f5_1x400.html]
[preview.colorlib.com/theme/neos/css/images/ui-bg_inset-hard_100_f5f8f9_1x100.html]
[preview.colorlib.com/theme/neos/css/owl.video.play.html]
[preview.colorlib.com/theme/neos/fonts/flaticon/font/Flaticon.svg]
[preview.colorlib.com/theme/neos/A.fonts,,_icomoon,,_style.css+css,,_bootstrap.min.css+css,,_magnific-popup.css+css,,_jquery-ui.css+css,,_owl.carousel.min.css+css,,_owl.theme.default.min.cs]
[preview.colorlib.com/theme/neos/fonts,_icomoon,_style.css+css,_bootstrap.min.css+css,_magnific-popup.css+css,_jquery-ui.css+css,_owl.carousel.min.css+css,_owl.theme.default.min-2.css+css,_bo]
[preview.colorlib.com/theme/neos/A.fonts,,_icomoon,,_style.css+css,,_bootstrap.min.css+css,,_magnific-popup.css+css,,_jquery-ui.css+css,,_owl.carousel.min.css+css,,_owl.theme.default.min-2.cs]
[preview.colorlib.com/theme/neos/A.fonts,,_icomoon,,_style.css+css,,_bootstrap.min.css+css,,_magnific-popup.css+css,,_jquery-ui.css+css,,_owl.carousel.min.css+css,,_owl.theme.default.min-2.cs]
